2025-12-29 14:42:14,563 INFO o.a.j.u.JMeterUtils: Setting Locale to en_EN
2025-12-29 14:42:14,592 INFO o.a.j.JMeter: Loading user properties from: D:\Programs setup\apache-jmeter-5.6.3\apache-jmeter-5.6.3\bin\user.properties
2025-12-29 14:42:14,610 INFO o.a.j.JMeter: Loading system properties from: D:\Programs setup\apache-jmeter-5.6.3\apache-jmeter-5.6.3\bin\system.properties
2025-12-29 14:42:14,619 INFO o.a.j.JMeter: Copyright (c) 1998-2024 The Apache Software Foundation
2025-12-29 14:42:14,619 INFO o.a.j.JMeter: Version 5.6.3
2025-12-29 14:42:14,619 INFO o.a.j.JMeter: java.version=24.0.2
2025-12-29 14:42:14,619 INFO o.a.j.JMeter: java.vm.name=Java HotSpot(TM) 64-Bit Server VM
2025-12-29 14:42:14,619 INFO o.a.j.JMeter: os.name=Windows 11
2025-12-29 14:42:14,619 INFO o.a.j.JMeter: os.arch=amd64
2025-12-29 14:42:14,619 INFO o.a.j.JMeter: os.version=10.0
2025-12-29 14:42:14,619 INFO o.a.j.JMeter: file.encoding=UTF-8
2025-12-29 14:42:14,620 INFO o.a.j.JMeter: java.awt.headless=null
2025-12-29 14:42:14,620 INFO o.a.j.JMeter: Max memory     =1073741824
2025-12-29 14:42:14,620 INFO o.a.j.JMeter: Available Processors =12
2025-12-29 14:42:14,634 INFO o.a.j.JMeter: Default Locale=English (EN)
2025-12-29 14:42:14,634 INFO o.a.j.JMeter: JMeter  Locale=English (EN)
2025-12-29 14:42:14,634 INFO o.a.j.JMeter: JMeterHome=D:\Programs setup\apache-jmeter-5.6.3\apache-jmeter-5.6.3
2025-12-29 14:42:14,634 INFO o.a.j.JMeter: user.dir  =D:\FSTM\ILISI2\.NET\TP1
2025-12-29 14:42:14,634 INFO o.a.j.JMeter: PWD       =D:\FSTM\ILISI2\.NET\TP1
2025-12-29 14:42:14,636 INFO o.a.j.JMeter: IP: 172.17.36.67 Name: DESKTOP-H5A61A2 FullName: DESKTOP-H5A61A2
2025-12-29 14:42:14,652 INFO o.a.j.JMeter: Loaded icon properties from org/apache/jmeter/images/icon.properties
2025-12-29 14:42:14,867 INFO o.a.j.JMeterGuiLauncher: Setting LAF to: com.github.weisj.darklaf.DarkLaf:com.github.weisj.darklaf.theme.DarculaTheme
2025-12-29 14:43:44,405 INFO o.a.j.s.FileServer: Default base='D:\FSTM\ILISI2\.NET\TP1'
2025-12-29 14:51:01,474 INFO o.a.j.p.h.s.HTTPSamplerBase: Parser for text/html is org.apache.jmeter.protocol.http.parser.LagartoBasedHtmlParser
2025-12-29 14:51:01,474 INFO o.a.j.p.h.s.HTTPSamplerBase: Parser for application/xhtml+xml is org.apache.jmeter.protocol.http.parser.LagartoBasedHtmlParser
2025-12-29 14:51:01,474 INFO o.a.j.p.h.s.HTTPSamplerBase: Parser for application/xml is org.apache.jmeter.protocol.http.parser.LagartoBasedHtmlParser
2025-12-29 14:51:01,474 INFO o.a.j.p.h.s.HTTPSamplerBase: Parser for text/xml is org.apache.jmeter.protocol.http.parser.LagartoBasedHtmlParser
2025-12-29 14:51:01,474 INFO o.a.j.p.h.s.HTTPSamplerBase: Parser for text/vnd.wap.wml is org.apache.jmeter.protocol.http.parser.RegexpHTMLParser
2025-12-29 14:51:01,474 INFO o.a.j.p.h.s.HTTPSamplerBase: Parser for text/css is org.apache.jmeter.protocol.http.parser.CssParser
2025-12-29 14:56:03,540 INFO o.a.j.s.SampleResult: Note: Sample TimeStamps are START times
2025-12-29 14:56:03,541 INFO o.a.j.s.SampleResult: sampleresult.default.encoding is set to UTF-8
2025-12-29 14:56:03,541 INFO o.a.j.s.SampleResult: sampleresult.useNanoTime=true
2025-12-29 14:56:03,541 INFO o.a.j.s.SampleResult: sampleresult.nanoThreadSleep=5000
2025-12-29 14:58:52,539 INFO o.a.j.s.FileServer: Set new base='D:\FSTM\ILISI2\.NET\TP1'
2025-12-29 14:58:52,785 INFO o.a.j.s.SaveService: Testplan (JMX) version: 2.2. Testlog (JTL) version: 2.2
2025-12-29 14:58:52,829 INFO o.a.j.s.SaveService: Using SaveService properties version 5.0
2025-12-29 14:58:52,831 INFO o.a.j.s.SaveService: Using SaveService properties file encoding UTF-8
2025-12-29 14:58:52,862 INFO o.a.j.e.StandardJMeterEngine: Running the test!
2025-12-29 14:58:52,864 INFO o.a.j.s.SampleEvent: List of sample_variables: []
2025-12-29 14:58:52,864 INFO o.a.j.s.SampleEvent: List of sample_variables: []
2025-12-29 14:58:52,865 INFO o.a.j.e.u.CompoundVariable: Note: Function class names must contain the string: '.functions.'
2025-12-29 14:58:52,865 INFO o.a.j.e.u.CompoundVariable: Note: Function class names must not contain the string: '.gui.'
2025-12-29 14:58:52,919 INFO o.a.j.g.u.JMeterMenuBar: setRunning(true, *local*)
2025-12-29 14:58:52,956 INFO o.a.j.e.StandardJMeterEngine: Starting ThreadGroup: 1 : Thread Group
2025-12-29 14:58:52,956 INFO o.a.j.e.StandardJMeterEngine: Starting 20 threads for group Thread Group.
2025-12-29 14:58:52,957 INFO o.a.j.e.StandardJMeterEngine: Thread will continue on error
2025-12-29 14:58:52,957 INFO o.a.j.t.ThreadGroup: Starting thread group... number=1 threads=20 ramp-up=20 delayedStart=false
2025-12-29 14:58:52,960 INFO o.a.j.t.JMeterThread: Thread started: Thread Group 1-1
2025-12-29 14:58:52,967 INFO o.a.j.t.ThreadGroup: Started thread group number 1
2025-12-29 14:58:52,967 INFO o.a.j.e.StandardJMeterEngine: All thread groups have been started
2025-12-29 14:58:52,982 INFO o.a.j.t.JMeterThread: Thread is done: Thread Group 1-1
2025-12-29 14:58:52,982 INFO o.a.j.t.JMeterThread: Thread finished: Thread Group 1-1
2025-12-29 14:58:53,960 INFO o.a.j.t.JMeterThread: Thread started: Thread Group 1-2
2025-12-29 14:58:53,967 INFO o.a.j.t.JMeterThread: Thread is done: Thread Group 1-2
2025-12-29 14:58:53,967 INFO o.a.j.t.JMeterThread: Thread finished: Thread Group 1-2
2025-12-29 14:58:54,958 INFO o.a.j.t.JMeterThread: Thread started: Thread Group 1-3
2025-12-29 14:58:54,964 INFO o.a.j.t.JMeterThread: Thread is done: Thread Group 1-3
2025-12-29 14:58:54,964 INFO o.a.j.t.JMeterThread: Thread finished: Thread Group 1-3
2025-12-29 14:58:55,958 INFO o.a.j.t.JMeterThread: Thread started: Thread Group 1-4
2025-12-29 14:58:55,964 INFO o.a.j.t.JMeterThread: Thread is done: Thread Group 1-4
2025-12-29 14:58:55,964 INFO o.a.j.t.JMeterThread: Thread finished: Thread Group 1-4
2025-12-29 14:58:56,959 INFO o.a.j.t.JMeterThread: Thread started: Thread Group 1-5
2025-12-29 14:58:56,965 INFO o.a.j.t.JMeterThread: Thread is done: Thread Group 1-5
2025-12-29 14:58:56,965 INFO o.a.j.t.JMeterThread: Thread finished: Thread Group 1-5
2025-12-29 14:58:57,958 INFO o.a.j.t.JMeterThread: Thread started: Thread Group 1-6
2025-12-29 14:58:57,962 INFO o.a.j.t.JMeterThread: Thread is done: Thread Group 1-6
2025-12-29 14:58:57,962 INFO o.a.j.t.JMeterThread: Thread finished: Thread Group 1-6
2025-12-29 14:58:58,958 INFO o.a.j.t.JMeterThread: Thread started: Thread Group 1-7
2025-12-29 14:58:58,963 INFO o.a.j.t.JMeterThread: Thread is done: Thread Group 1-7
2025-12-29 14:58:58,963 INFO o.a.j.t.JMeterThread: Thread finished: Thread Group 1-7
2025-12-29 14:58:59,958 INFO o.a.j.t.JMeterThread: Thread started: Thread Group 1-8
2025-12-29 14:58:59,963 INFO o.a.j.t.JMeterThread: Thread is done: Thread Group 1-8
2025-12-29 14:58:59,963 INFO o.a.j.t.JMeterThread: Thread finished: Thread Group 1-8
2025-12-29 14:59:00,958 INFO o.a.j.t.JMeterThread: Thread started: Thread Group 1-9
2025-12-29 14:59:00,962 INFO o.a.j.t.JMeterThread: Thread is done: Thread Group 1-9
2025-12-29 14:59:00,962 INFO o.a.j.t.JMeterThread: Thread finished: Thread Group 1-9
2025-12-29 14:59:01,959 INFO o.a.j.t.JMeterThread: Thread started: Thread Group 1-10
2025-12-29 14:59:01,964 INFO o.a.j.t.JMeterThread: Thread is done: Thread Group 1-10
2025-12-29 14:59:01,964 INFO o.a.j.t.JMeterThread: Thread finished: Thread Group 1-10
2025-12-29 14:59:02,959 INFO o.a.j.t.JMeterThread: Thread started: Thread Group 1-11
2025-12-29 14:59:02,962 INFO o.a.j.t.JMeterThread: Thread is done: Thread Group 1-11
2025-12-29 14:59:02,963 INFO o.a.j.t.JMeterThread: Thread finished: Thread Group 1-11
2025-12-29 14:59:03,958 INFO o.a.j.t.JMeterThread: Thread started: Thread Group 1-12
2025-12-29 14:59:03,962 INFO o.a.j.t.JMeterThread: Thread is done: Thread Group 1-12
2025-12-29 14:59:03,962 INFO o.a.j.t.JMeterThread: Thread finished: Thread Group 1-12
2025-12-29 14:59:04,960 INFO o.a.j.t.JMeterThread: Thread started: Thread Group 1-13
2025-12-29 14:59:04,966 INFO o.a.j.t.JMeterThread: Thread is done: Thread Group 1-13
2025-12-29 14:59:04,966 INFO o.a.j.t.JMeterThread: Thread finished: Thread Group 1-13
2025-12-29 14:59:05,957 INFO o.a.j.t.JMeterThread: Thread started: Thread Group 1-14
2025-12-29 14:59:05,961 INFO o.a.j.t.JMeterThread: Thread is done: Thread Group 1-14
2025-12-29 14:59:05,961 INFO o.a.j.t.JMeterThread: Thread finished: Thread Group 1-14
2025-12-29 14:59:06,959 INFO o.a.j.t.JMeterThread: Thread started: Thread Group 1-15
2025-12-29 14:59:06,963 INFO o.a.j.t.JMeterThread: Thread is done: Thread Group 1-15
2025-12-29 14:59:06,963 INFO o.a.j.t.JMeterThread: Thread finished: Thread Group 1-15
2025-12-29 14:59:07,959 INFO o.a.j.t.JMeterThread: Thread started: Thread Group 1-16
2025-12-29 14:59:07,962 INFO o.a.j.t.JMeterThread: Thread is done: Thread Group 1-16
2025-12-29 14:59:07,962 INFO o.a.j.t.JMeterThread: Thread finished: Thread Group 1-16
2025-12-29 14:59:08,958 INFO o.a.j.t.JMeterThread: Thread started: Thread Group 1-17
2025-12-29 14:59:08,961 INFO o.a.j.t.JMeterThread: Thread is done: Thread Group 1-17
2025-12-29 14:59:08,961 INFO o.a.j.t.JMeterThread: Thread finished: Thread Group 1-17
2025-12-29 14:59:09,958 INFO o.a.j.t.JMeterThread: Thread started: Thread Group 1-18
2025-12-29 14:59:09,961 INFO o.a.j.t.JMeterThread: Thread is done: Thread Group 1-18
2025-12-29 14:59:09,962 INFO o.a.j.t.JMeterThread: Thread finished: Thread Group 1-18
2025-12-29 14:59:10,959 INFO o.a.j.t.JMeterThread: Thread started: Thread Group 1-19
2025-12-29 14:59:10,962 INFO o.a.j.t.JMeterThread: Thread is done: Thread Group 1-19
2025-12-29 14:59:10,962 INFO o.a.j.t.JMeterThread: Thread finished: Thread Group 1-19
2025-12-29 14:59:11,957 INFO o.a.j.t.JMeterThread: Thread started: Thread Group 1-20
2025-12-29 14:59:11,959 INFO o.a.j.t.JMeterThread: Thread is done: Thread Group 1-20
2025-12-29 14:59:11,959 INFO o.a.j.t.JMeterThread: Thread finished: Thread Group 1-20
2025-12-29 14:59:11,959 INFO o.a.j.e.StandardJMeterEngine: Notifying test listeners of end of test
2025-12-29 14:59:11,959 INFO o.a.j.g.u.JMeterMenuBar: setRunning(false, *local*)
2025-12-29 15:13:25,003 INFO o.a.j.e.StandardJMeterEngine: Running the test!
2025-12-29 15:13:25,003 INFO o.a.j.s.SampleEvent: List of sample_variables: []
2025-12-29 15:13:25,003 INFO o.a.j.g.u.JMeterMenuBar: setRunning(true, *local*)
2025-12-29 15:13:25,039 INFO o.a.j.e.StandardJMeterEngine: Starting ThreadGroup: 1 : Thread Group
2025-12-29 15:13:25,039 INFO o.a.j.e.StandardJMeterEngine: Starting 20 threads for group Thread Group.
2025-12-29 15:13:25,039 INFO o.a.j.e.StandardJMeterEngine: Thread will continue on error
2025-12-29 15:13:25,039 INFO o.a.j.t.ThreadGroup: Starting thread group... number=1 threads=20 ramp-up=20 delayedStart=false
2025-12-29 15:13:25,041 INFO o.a.j.t.JMeterThread: Thread started: Thread Group 1-1
2025-12-29 15:13:25,045 INFO o.a.j.t.ThreadGroup: Started thread group number 1
2025-12-29 15:13:25,045 INFO o.a.j.e.StandardJMeterEngine: All thread groups have been started
2025-12-29 15:13:25,048 INFO o.a.j.t.JMeterThread: Thread is done: Thread Group 1-1
2025-12-29 15:13:25,049 INFO o.a.j.t.JMeterThread: Thread finished: Thread Group 1-1
2025-12-29 15:13:26,041 INFO o.a.j.t.JMeterThread: Thread started: Thread Group 1-2
2025-12-29 15:13:26,044 INFO o.a.j.t.JMeterThread: Thread is done: Thread Group 1-2
2025-12-29 15:13:26,044 INFO o.a.j.t.JMeterThread: Thread finished: Thread Group 1-2
2025-12-29 15:13:27,041 INFO o.a.j.t.JMeterThread: Thread started: Thread Group 1-3
2025-12-29 15:13:27,045 INFO o.a.j.t.JMeterThread: Thread is done: Thread Group 1-3
2025-12-29 15:13:27,045 INFO o.a.j.t.JMeterThread: Thread finished: Thread Group 1-3
2025-12-29 15:13:28,039 INFO o.a.j.t.JMeterThread: Thread started: Thread Group 1-4
2025-12-29 15:13:28,042 INFO o.a.j.t.JMeterThread: Thread is done: Thread Group 1-4
2025-12-29 15:13:28,042 INFO o.a.j.t.JMeterThread: Thread finished: Thread Group 1-4
2025-12-29 15:13:29,041 INFO o.a.j.t.JMeterThread: Thread started: Thread Group 1-5
2025-12-29 15:13:29,043 INFO o.a.j.t.JMeterThread: Thread is done: Thread Group 1-5
2025-12-29 15:13:29,043 INFO o.a.j.t.JMeterThread: Thread finished: Thread Group 1-5
2025-12-29 15:13:30,040 INFO o.a.j.t.JMeterThread: Thread started: Thread Group 1-6
2025-12-29 15:13:30,044 INFO o.a.j.t.JMeterThread: Thread is done: Thread Group 1-6
2025-12-29 15:13:30,044 INFO o.a.j.t.JMeterThread: Thread finished: Thread Group 1-6
2025-12-29 15:13:31,039 INFO o.a.j.t.JMeterThread: Thread started: Thread Group 1-7
2025-12-29 15:13:31,042 INFO o.a.j.t.JMeterThread: Thread is done: Thread Group 1-7
2025-12-29 15:13:31,043 INFO o.a.j.t.JMeterThread: Thread finished: Thread Group 1-7
2025-12-29 15:13:32,039 INFO o.a.j.t.JMeterThread: Thread started: Thread Group 1-8
2025-12-29 15:13:32,041 INFO o.a.j.t.JMeterThread: Thread is done: Thread Group 1-8
2025-12-29 15:13:32,041 INFO o.a.j.t.JMeterThread: Thread finished: Thread Group 1-8
2025-12-29 15:13:33,040 INFO o.a.j.t.JMeterThread: Thread started: Thread Group 1-9
2025-12-29 15:13:33,043 INFO o.a.j.t.JMeterThread: Thread is done: Thread Group 1-9
2025-12-29 15:13:33,043 INFO o.a.j.t.JMeterThread: Thread finished: Thread Group 1-9
2025-12-29 15:13:34,039 INFO o.a.j.t.JMeterThread: Thread started: Thread Group 1-10
2025-12-29 15:13:34,042 INFO o.a.j.t.JMeterThread: Thread is done: Thread Group 1-10
2025-12-29 15:13:34,042 INFO o.a.j.t.JMeterThread: Thread finished: Thread Group 1-10
2025-12-29 15:13:35,040 INFO o.a.j.t.JMeterThread: Thread started: Thread Group 1-11
2025-12-29 15:13:35,042 INFO o.a.j.t.JMeterThread: Thread is done: Thread Group 1-11
2025-12-29 15:13:35,042 INFO o.a.j.t.JMeterThread: Thread finished: Thread Group 1-11
2025-12-29 15:13:36,040 INFO o.a.j.t.JMeterThread: Thread started: Thread Group 1-12
2025-12-29 15:13:36,041 INFO o.a.j.t.JMeterThread: Thread is done: Thread Group 1-12
2025-12-29 15:13:36,041 INFO o.a.j.t.JMeterThread: Thread finished: Thread Group 1-12
2025-12-29 15:13:37,041 INFO o.a.j.t.JMeterThread: Thread started: Thread Group 1-13
2025-12-29 15:13:37,043 INFO o.a.j.t.JMeterThread: Thread is done: Thread Group 1-13
2025-12-29 15:13:37,043 INFO o.a.j.t.JMeterThread: Thread finished: Thread Group 1-13
2025-12-29 15:13:38,040 INFO o.a.j.t.JMeterThread: Thread started: Thread Group 1-14
2025-12-29 15:13:38,042 INFO o.a.j.t.JMeterThread: Thread is done: Thread Group 1-14
2025-12-29 15:13:38,042 INFO o.a.j.t.JMeterThread: Thread finished: Thread Group 1-14
2025-12-29 15:13:39,039 INFO o.a.j.t.JMeterThread: Thread started: Thread Group 1-15
2025-12-29 15:13:39,041 INFO o.a.j.t.JMeterThread: Thread is done: Thread Group 1-15
2025-12-29 15:13:39,041 INFO o.a.j.t.JMeterThread: Thread finished: Thread Group 1-15
2025-12-29 15:13:40,040 INFO o.a.j.t.JMeterThread: Thread started: Thread Group 1-16
2025-12-29 15:13:40,041 INFO o.a.j.t.JMeterThread: Thread is done: Thread Group 1-16
2025-12-29 15:13:40,042 INFO o.a.j.t.JMeterThread: Thread finished: Thread Group 1-16
2025-12-29 15:13:41,040 INFO o.a.j.t.JMeterThread: Thread started: Thread Group 1-17
2025-12-29 15:13:41,042 INFO o.a.j.t.JMeterThread: Thread is done: Thread Group 1-17
2025-12-29 15:13:41,042 INFO o.a.j.t.JMeterThread: Thread finished: Thread Group 1-17
2025-12-29 15:13:42,042 INFO o.a.j.t.JMeterThread: Thread started: Thread Group 1-18
2025-12-29 15:13:42,043 INFO o.a.j.t.JMeterThread: Thread is done: Thread Group 1-18
2025-12-29 15:13:42,044 INFO o.a.j.t.JMeterThread: Thread finished: Thread Group 1-18
2025-12-29 15:13:43,041 INFO o.a.j.t.JMeterThread: Thread started: Thread Group 1-19
2025-12-29 15:13:43,043 INFO o.a.j.t.JMeterThread: Thread is done: Thread Group 1-19
2025-12-29 15:13:43,043 INFO o.a.j.t.JMeterThread: Thread finished: Thread Group 1-19
2025-12-29 15:13:44,040 INFO o.a.j.t.JMeterThread: Thread started: Thread Group 1-20
2025-12-29 15:13:44,041 INFO o.a.j.t.JMeterThread: Thread is done: Thread Group 1-20
2025-12-29 15:13:44,042 INFO o.a.j.t.JMeterThread: Thread finished: Thread Group 1-20
2025-12-29 15:13:44,042 INFO o.a.j.e.StandardJMeterEngine: Notifying test listeners of end of test
2025-12-29 15:13:44,042 INFO o.a.j.g.u.JMeterMenuBar: setRunning(false, *local*)
2025-12-29 15:14:06,251 INFO o.a.j.e.StandardJMeterEngine: Running the test!
2025-12-29 15:14:06,251 INFO o.a.j.s.SampleEvent: List of sample_variables: []
2025-12-29 15:14:06,252 INFO o.a.j.g.u.JMeterMenuBar: setRunning(true, *local*)
2025-12-29 15:14:06,280 INFO o.a.j.e.StandardJMeterEngine: Starting ThreadGroup: 1 : Thread Group
2025-12-29 15:14:06,281 INFO o.a.j.e.StandardJMeterEngine: Starting 20 threads for group Thread Group.
2025-12-29 15:14:06,281 INFO o.a.j.e.StandardJMeterEngine: Thread will continue on error
2025-12-29 15:14:06,281 INFO o.a.j.t.ThreadGroup: Starting thread group... number=1 threads=20 ramp-up=20 delayedStart=false
2025-12-29 15:14:06,282 INFO o.a.j.t.JMeterThread: Thread started: Thread Group 1-1
2025-12-29 15:14:06,284 INFO o.a.j.t.JMeterThread: Thread is done: Thread Group 1-1
2025-12-29 15:14:06,284 INFO o.a.j.t.JMeterThread: Thread finished: Thread Group 1-1
2025-12-29 15:14:06,284 INFO o.a.j.t.ThreadGroup: Started thread group number 1
2025-12-29 15:14:06,284 INFO o.a.j.e.StandardJMeterEngine: All thread groups have been started
2025-12-29 15:14:07,283 INFO o.a.j.t.JMeterThread: Thread started: Thread Group 1-2
2025-12-29 15:14:07,285 INFO o.a.j.t.JMeterThread: Thread is done: Thread Group 1-2
2025-12-29 15:14:07,285 INFO o.a.j.t.JMeterThread: Thread finished: Thread Group 1-2
2025-12-29 15:14:08,281 INFO o.a.j.t.JMeterThread: Thread started: Thread Group 1-3
2025-12-29 15:14:08,283 INFO o.a.j.t.JMeterThread: Thread is done: Thread Group 1-3
2025-12-29 15:14:08,283 INFO o.a.j.t.JMeterThread: Thread finished: Thread Group 1-3
2025-12-29 15:14:09,282 INFO o.a.j.t.JMeterThread: Thread started: Thread Group 1-4
2025-12-29 15:14:09,283 INFO o.a.j.t.JMeterThread: Thread is done: Thread Group 1-4
2025-12-29 15:14:09,283 INFO o.a.j.t.JMeterThread: Thread finished: Thread Group 1-4
2025-12-29 15:14:10,281 INFO o.a.j.t.JMeterThread: Thread started: Thread Group 1-5
2025-12-29 15:14:10,284 INFO o.a.j.t.JMeterThread: Thread is done: Thread Group 1-5
2025-12-29 15:14:10,284 INFO o.a.j.t.JMeterThread: Thread finished: Thread Group 1-5
2025-12-29 15:14:11,283 INFO o.a.j.t.JMeterThread: Thread started: Thread Group 1-6
2025-12-29 15:14:11,285 INFO o.a.j.t.JMeterThread: Thread is done: Thread Group 1-6
2025-12-29 15:14:11,285 INFO o.a.j.t.JMeterThread: Thread finished: Thread Group 1-6
2025-12-29 15:14:12,283 INFO o.a.j.t.JMeterThread: Thread started: Thread Group 1-7
2025-12-29 15:14:12,284 INFO o.a.j.t.JMeterThread: Thread is done: Thread Group 1-7
2025-12-29 15:14:12,284 INFO o.a.j.t.JMeterThread: Thread finished: Thread Group 1-7
2025-12-29 15:14:13,283 INFO o.a.j.t.JMeterThread: Thread started: Thread Group 1-8
2025-12-29 15:14:13,285 INFO o.a.j.t.JMeterThread: Thread is done: Thread Group 1-8
2025-12-29 15:14:13,285 INFO o.a.j.t.JMeterThread: Thread finished: Thread Group 1-8
2025-12-29 15:14:14,282 INFO o.a.j.t.JMeterThread: Thread started: Thread Group 1-9
2025-12-29 15:14:14,283 INFO o.a.j.t.JMeterThread: Thread is done: Thread Group 1-9
2025-12-29 15:14:14,283 INFO o.a.j.t.JMeterThread: Thread finished: Thread Group 1-9
2025-12-29 15:14:15,282 INFO o.a.j.t.JMeterThread: Thread started: Thread Group 1-10
2025-12-29 15:14:15,284 INFO o.a.j.t.JMeterThread: Thread is done: Thread Group 1-10
2025-12-29 15:14:15,284 INFO o.a.j.t.JMeterThread: Thread finished: Thread Group 1-10
2025-12-29 15:14:16,282 INFO o.a.j.t.JMeterThread: Thread started: Thread Group 1-11
2025-12-29 15:14:16,285 INFO o.a.j.t.JMeterThread: Thread is done: Thread Group 1-11
2025-12-29 15:14:16,285 INFO o.a.j.t.JMeterThread: Thread finished: Thread Group 1-11
2025-12-29 15:14:17,282 INFO o.a.j.t.JMeterThread: Thread started: Thread Group 1-12
2025-12-29 15:14:17,284 INFO o.a.j.t.JMeterThread: Thread is done: Thread Group 1-12
2025-12-29 15:14:17,284 INFO o.a.j.t.JMeterThread: Thread finished: Thread Group 1-12
2025-12-29 15:14:18,281 INFO o.a.j.t.JMeterThread: Thread started: Thread Group 1-13
2025-12-29 15:14:18,283 INFO o.a.j.t.JMeterThread: Thread is done: Thread Group 1-13
2025-12-29 15:14:18,283 INFO o.a.j.t.JMeterThread: Thread finished: Thread Group 1-13
2025-12-29 15:14:19,281 INFO o.a.j.t.JMeterThread: Thread started: Thread Group 1-14
2025-12-29 15:14:19,282 INFO o.a.j.t.JMeterThread: Thread is done: Thread Group 1-14
2025-12-29 15:14:19,282 INFO o.a.j.t.JMeterThread: Thread finished: Thread Group 1-14
2025-12-29 15:14:20,281 INFO o.a.j.t.JMeterThread: Thread started: Thread Group 1-15
2025-12-29 15:14:20,283 INFO o.a.j.t.JMeterThread: Thread is done: Thread Group 1-15
2025-12-29 15:14:20,283 INFO o.a.j.t.JMeterThread: Thread finished: Thread Group 1-15
2025-12-29 15:14:21,282 INFO o.a.j.t.JMeterThread: Thread started: Thread Group 1-16
2025-12-29 15:14:21,284 INFO o.a.j.t.JMeterThread: Thread is done: Thread Group 1-16
2025-12-29 15:14:21,284 INFO o.a.j.t.JMeterThread: Thread finished: Thread Group 1-16
2025-12-29 15:14:22,282 INFO o.a.j.t.JMeterThread: Thread started: Thread Group 1-17
2025-12-29 15:14:22,285 INFO o.a.j.t.JMeterThread: Thread is done: Thread Group 1-17
2025-12-29 15:14:22,285 INFO o.a.j.t.JMeterThread: Thread finished: Thread Group 1-17
2025-12-29 15:14:23,281 INFO o.a.j.t.JMeterThread: Thread started: Thread Group 1-18
2025-12-29 15:14:23,283 INFO o.a.j.t.JMeterThread: Thread is done: Thread Group 1-18
2025-12-29 15:14:23,284 INFO o.a.j.t.JMeterThread: Thread finished: Thread Group 1-18
2025-12-29 15:14:24,282 INFO o.a.j.t.JMeterThread: Thread started: Thread Group 1-19
2025-12-29 15:14:24,284 INFO o.a.j.t.JMeterThread: Thread is done: Thread Group 1-19
2025-12-29 15:14:24,284 INFO o.a.j.t.JMeterThread: Thread finished: Thread Group 1-19
2025-12-29 15:14:25,281 INFO o.a.j.t.JMeterThread: Thread started: Thread Group 1-20
2025-12-29 15:14:25,283 INFO o.a.j.t.JMeterThread: Thread is done: Thread Group 1-20
2025-12-29 15:14:25,283 INFO o.a.j.t.JMeterThread: Thread finished: Thread Group 1-20
2025-12-29 15:14:25,283 INFO o.a.j.e.StandardJMeterEngine: Notifying test listeners of end of test
2025-12-29 15:14:25,283 INFO o.a.j.g.u.JMeterMenuBar: setRunning(false, *local*)
2025-12-29 15:18:02,861 INFO o.a.j.e.StandardJMeterEngine: Running the test!
2025-12-29 15:18:02,861 INFO o.a.j.s.SampleEvent: List of sample_variables: []
2025-12-29 15:18:02,862 INFO o.a.j.g.u.JMeterMenuBar: setRunning(true, *local*)
2025-12-29 15:18:02,888 INFO o.a.j.e.StandardJMeterEngine: Starting ThreadGroup: 1 : Thread Group
2025-12-29 15:18:02,889 INFO o.a.j.e.StandardJMeterEngine: Starting 20 threads for group Thread Group.
2025-12-29 15:18:02,889 INFO o.a.j.e.StandardJMeterEngine: Thread will continue on error
2025-12-29 15:18:02,889 INFO o.a.j.t.ThreadGroup: Starting thread group... number=1 threads=20 ramp-up=20 delayedStart=false
2025-12-29 15:18:02,890 INFO o.a.j.t.JMeterThread: Thread started: Thread Group 1-1
2025-12-29 15:18:02,892 INFO o.a.j.t.ThreadGroup: Started thread group number 1
2025-12-29 15:18:02,892 INFO o.a.j.t.JMeterThread: Thread is done: Thread Group 1-1
2025-12-29 15:18:02,892 INFO o.a.j.e.StandardJMeterEngine: All thread groups have been started
2025-12-29 15:18:02,892 INFO o.a.j.t.JMeterThread: Thread finished: Thread Group 1-1
2025-12-29 15:18:03,891 INFO o.a.j.t.JMeterThread: Thread started: Thread Group 1-2
2025-12-29 15:18:03,893 INFO o.a.j.t.JMeterThread: Thread is done: Thread Group 1-2
2025-12-29 15:18:03,893 INFO o.a.j.t.JMeterThread: Thread finished: Thread Group 1-2
2025-12-29 15:18:04,890 INFO o.a.j.t.JMeterThread: Thread started: Thread Group 1-3
2025-12-29 15:18:04,891 INFO o.a.j.t.JMeterThread: Thread is done: Thread Group 1-3
2025-12-29 15:18:04,891 INFO o.a.j.t.JMeterThread: Thread finished: Thread Group 1-3
2025-12-29 15:18:05,890 INFO o.a.j.t.JMeterThread: Thread started: Thread Group 1-4
2025-12-29 15:18:05,892 INFO o.a.j.t.JMeterThread: Thread is done: Thread Group 1-4
2025-12-29 15:18:05,892 INFO o.a.j.t.JMeterThread: Thread finished: Thread Group 1-4
2025-12-29 15:18:06,890 INFO o.a.j.t.JMeterThread: Thread started: Thread Group 1-5
2025-12-29 15:18:06,892 INFO o.a.j.t.JMeterThread: Thread is done: Thread Group 1-5
2025-12-29 15:18:06,892 INFO o.a.j.t.JMeterThread: Thread finished: Thread Group 1-5
2025-12-29 15:18:07,890 INFO o.a.j.t.JMeterThread: Thread started: Thread Group 1-6
2025-12-29 15:18:07,891 INFO o.a.j.t.JMeterThread: Thread is done: Thread Group 1-6
2025-12-29 15:18:07,891 INFO o.a.j.t.JMeterThread: Thread finished: Thread Group 1-6
2025-12-29 15:18:08,890 INFO o.a.j.t.JMeterThread: Thread started: Thread Group 1-7
2025-12-29 15:18:08,891 INFO o.a.j.t.JMeterThread: Thread is done: Thread Group 1-7
2025-12-29 15:18:08,891 INFO o.a.j.t.JMeterThread: Thread finished: Thread Group 1-7
2025-12-29 15:18:09,891 INFO o.a.j.t.JMeterThread: Thread started: Thread Group 1-8
2025-12-29 15:18:09,893 INFO o.a.j.t.JMeterThread: Thread is done: Thread Group 1-8
2025-12-29 15:18:09,893 INFO o.a.j.t.JMeterThread: Thread finished: Thread Group 1-8
2025-12-29 15:18:10,891 INFO o.a.j.t.JMeterThread: Thread started: Thread Group 1-9
2025-12-29 15:18:10,892 INFO o.a.j.t.JMeterThread: Thread is done: Thread Group 1-9
2025-12-29 15:18:10,893 INFO o.a.j.t.JMeterThread: Thread finished: Thread Group 1-9
2025-12-29 15:18:11,889 INFO o.a.j.t.JMeterThread: Thread started: Thread Group 1-10
2025-12-29 15:18:11,891 INFO o.a.j.t.JMeterThread: Thread is done: Thread Group 1-10
2025-12-29 15:18:11,891 INFO o.a.j.t.JMeterThread: Thread finished: Thread Group 1-10
2025-12-29 15:18:12,889 INFO o.a.j.t.JMeterThread: Thread started: Thread Group 1-11
2025-12-29 15:18:12,890 INFO o.a.j.t.JMeterThread: Thread is done: Thread Group 1-11
2025-12-29 15:18:12,891 INFO o.a.j.t.JMeterThread: Thread finished: Thread Group 1-11
2025-12-29 15:18:13,889 INFO o.a.j.t.JMeterThread: Thread started: Thread Group 1-12
2025-12-29 15:18:13,891 INFO o.a.j.t.JMeterThread: Thread is done: Thread Group 1-12
2025-12-29 15:18:13,891 INFO o.a.j.t.JMeterThread: Thread finished: Thread Group 1-12
2025-12-29 15:18:14,891 INFO o.a.j.t.JMeterThread: Thread started: Thread Group 1-13
2025-12-29 15:18:14,893 INFO o.a.j.t.JMeterThread: Thread is done: Thread Group 1-13
2025-12-29 15:18:14,893 INFO o.a.j.t.JMeterThread: Thread finished: Thread Group 1-13
2025-12-29 15:18:15,890 INFO o.a.j.t.JMeterThread: Thread started: Thread Group 1-14
2025-12-29 15:18:15,891 INFO o.a.j.t.JMeterThread: Thread is done: Thread Group 1-14
2025-12-29 15:18:15,891 INFO o.a.j.t.JMeterThread: Thread finished: Thread Group 1-14
2025-12-29 15:18:16,889 INFO o.a.j.t.JMeterThread: Thread started: Thread Group 1-15
2025-12-29 15:18:16,891 INFO o.a.j.t.JMeterThread: Thread is done: Thread Group 1-15
2025-12-29 15:18:16,891 INFO o.a.j.t.JMeterThread: Thread finished: Thread Group 1-15
2025-12-29 15:18:17,890 INFO o.a.j.t.JMeterThread: Thread started: Thread Group 1-16
2025-12-29 15:18:17,892 INFO o.a.j.t.JMeterThread: Thread is done: Thread Group 1-16
2025-12-29 15:18:17,892 INFO o.a.j.t.JMeterThread: Thread finished: Thread Group 1-16
2025-12-29 15:18:18,890 INFO o.a.j.t.JMeterThread: Thread started: Thread Group 1-17
2025-12-29 15:18:18,892 INFO o.a.j.t.JMeterThread: Thread is done: Thread Group 1-17
2025-12-29 15:18:18,892 INFO o.a.j.t.JMeterThread: Thread finished: Thread Group 1-17
2025-12-29 15:18:19,889 INFO o.a.j.t.JMeterThread: Thread started: Thread Group 1-18
2025-12-29 15:18:19,891 INFO o.a.j.t.JMeterThread: Thread is done: Thread Group 1-18
2025-12-29 15:18:19,891 INFO o.a.j.t.JMeterThread: Thread finished: Thread Group 1-18
2025-12-29 15:18:20,890 INFO o.a.j.t.JMeterThread: Thread started: Thread Group 1-19
2025-12-29 15:18:20,891 INFO o.a.j.t.JMeterThread: Thread is done: Thread Group 1-19
2025-12-29 15:18:20,891 INFO o.a.j.t.JMeterThread: Thread finished: Thread Group 1-19
2025-12-29 15:18:21,889 INFO o.a.j.t.JMeterThread: Thread started: Thread Group 1-20
2025-12-29 15:18:21,890 INFO o.a.j.t.JMeterThread: Thread is done: Thread Group 1-20
2025-12-29 15:18:21,890 INFO o.a.j.t.JMeterThread: Thread finished: Thread Group 1-20
2025-12-29 15:18:21,890 INFO o.a.j.e.StandardJMeterEngine: Notifying test listeners of end of test
2025-12-29 15:18:21,891 INFO o.a.j.g.u.JMeterMenuBar: setRunning(false, *local*)
2025-12-29 15:19:18,579 INFO o.a.j.e.StandardJMeterEngine: Running the test!
2025-12-29 15:19:18,579 INFO o.a.j.s.SampleEvent: List of sample_variables: []
2025-12-29 15:19:18,580 INFO o.a.j.g.u.JMeterMenuBar: setRunning(true, *local*)
2025-12-29 15:19:18,609 INFO o.a.j.e.StandardJMeterEngine: Starting ThreadGroup: 1 : Thread Group
2025-12-29 15:19:18,609 INFO o.a.j.e.StandardJMeterEngine: Starting 20 threads for group Thread Group.
2025-12-29 15:19:18,609 INFO o.a.j.e.StandardJMeterEngine: Thread will continue on error
2025-12-29 15:19:18,609 INFO o.a.j.t.ThreadGroup: Starting thread group... number=1 threads=20 ramp-up=20 delayedStart=false
2025-12-29 15:19:18,610 INFO o.a.j.t.JMeterThread: Thread started: Thread Group 1-1
2025-12-29 15:19:18,613 INFO o.a.j.t.ThreadGroup: Started thread group number 1
2025-12-29 15:19:18,614 INFO o.a.j.e.StandardJMeterEngine: All thread groups have been started
2025-12-29 15:19:18,614 INFO o.a.j.t.JMeterThread: Thread is done: Thread Group 1-1
2025-12-29 15:19:18,614 INFO o.a.j.t.JMeterThread: Thread finished: Thread Group 1-1
2025-12-29 15:19:19,611 INFO o.a.j.t.JMeterThread: Thread started: Thread Group 1-2
2025-12-29 15:19:19,613 INFO o.a.j.t.JMeterThread: Thread is done: Thread Group 1-2
2025-12-29 15:19:19,613 INFO o.a.j.t.JMeterThread: Thread finished: Thread Group 1-2
2025-12-29 15:19:20,610 INFO o.a.j.t.JMeterThread: Thread started: Thread Group 1-3
2025-12-29 15:19:20,612 INFO o.a.j.t.JMeterThread: Thread is done: Thread Group 1-3
2025-12-29 15:19:20,612 INFO o.a.j.t.JMeterThread: Thread finished: Thread Group 1-3
2025-12-29 15:19:21,610 INFO o.a.j.t.JMeterThread: Thread started: Thread Group 1-4
2025-12-29 15:19:21,611 INFO o.a.j.t.JMeterThread: Thread is done: Thread Group 1-4
2025-12-29 15:19:21,611 INFO o.a.j.t.JMeterThread: Thread finished: Thread Group 1-4
2025-12-29 15:19:22,610 INFO o.a.j.t.JMeterThread: Thread started: Thread Group 1-5
2025-12-29 15:19:22,611 INFO o.a.j.t.JMeterThread: Thread is done: Thread Group 1-5
2025-12-29 15:19:22,611 INFO o.a.j.t.JMeterThread: Thread finished: Thread Group 1-5
2025-12-29 15:19:23,609 INFO o.a.j.t.JMeterThread: Thread started: Thread Group 1-6
2025-12-29 15:19:23,610 INFO o.a.j.t.JMeterThread: Thread is done: Thread Group 1-6
2025-12-29 15:19:23,610 INFO o.a.j.t.JMeterThread: Thread finished: Thread Group 1-6
2025-12-29 15:19:24,610 INFO o.a.j.t.JMeterThread: Thread started: Thread Group 1-7
2025-12-29 15:19:24,612 INFO o.a.j.t.JMeterThread: Thread is done: Thread Group 1-7
2025-12-29 15:19:24,612 INFO o.a.j.t.JMeterThread: Thread finished: Thread Group 1-7
2025-12-29 15:19:25,609 INFO o.a.j.t.JMeterThread: Thread started: Thread Group 1-8
2025-12-29 15:19:25,612 INFO o.a.j.t.JMeterThread: Thread is done: Thread Group 1-8
2025-12-29 15:19:25,612 INFO o.a.j.t.JMeterThread: Thread finished: Thread Group 1-8
2025-12-29 15:19:26,610 INFO o.a.j.t.JMeterThread: Thread started: Thread Group 1-9
2025-12-29 15:19:26,612 INFO o.a.j.t.JMeterThread: Thread is done: Thread Group 1-9
2025-12-29 15:19:26,612 INFO o.a.j.t.JMeterThread: Thread finished: Thread Group 1-9
2025-12-29 15:19:27,611 INFO o.a.j.t.JMeterThread: Thread started: Thread Group 1-10
2025-12-29 15:19:27,612 INFO o.a.j.t.JMeterThread: Thread is done: Thread Group 1-10
2025-12-29 15:19:27,612 INFO o.a.j.t.JMeterThread: Thread finished: Thread Group 1-10
2025-12-29 15:19:28,610 INFO o.a.j.t.JMeterThread: Thread started: Thread Group 1-11
2025-12-29 15:19:28,611 INFO o.a.j.t.JMeterThread: Thread is done: Thread Group 1-11
2025-12-29 15:19:28,611 INFO o.a.j.t.JMeterThread: Thread finished: Thread Group 1-11
2025-12-29 15:19:29,609 INFO o.a.j.t.JMeterThread: Thread started: Thread Group 1-12
2025-12-29 15:19:29,610 INFO o.a.j.t.JMeterThread: Thread is done: Thread Group 1-12
2025-12-29 15:19:29,610 INFO o.a.j.t.JMeterThread: Thread finished: Thread Group 1-12
2025-12-29 15:19:30,609 INFO o.a.j.t.JMeterThread: Thread started: Thread Group 1-13
2025-12-29 15:19:30,611 INFO o.a.j.t.JMeterThread: Thread is done: Thread Group 1-13
2025-12-29 15:19:30,611 INFO o.a.j.t.JMeterThread: Thread finished: Thread Group 1-13
2025-12-29 15:19:31,610 INFO o.a.j.t.JMeterThread: Thread started: Thread Group 1-14
2025-12-29 15:19:31,612 INFO o.a.j.t.JMeterThread: Thread is done: Thread Group 1-14
2025-12-29 15:19:31,612 INFO o.a.j.t.JMeterThread: Thread finished: Thread Group 1-14
2025-12-29 15:19:32,611 INFO o.a.j.t.JMeterThread: Thread started: Thread Group 1-15
2025-12-29 15:19:32,613 INFO o.a.j.t.JMeterThread: Thread is done: Thread Group 1-15
2025-12-29 15:19:32,613 INFO o.a.j.t.JMeterThread: Thread finished: Thread Group 1-15
2025-12-29 15:19:33,610 INFO o.a.j.t.JMeterThread: Thread started: Thread Group 1-16
2025-12-29 15:19:33,611 INFO o.a.j.t.JMeterThread: Thread is done: Thread Group 1-16
2025-12-29 15:19:33,611 INFO o.a.j.t.JMeterThread: Thread finished: Thread Group 1-16
2025-12-29 15:19:34,609 INFO o.a.j.t.JMeterThread: Thread started: Thread Group 1-17
2025-12-29 15:19:34,611 INFO o.a.j.t.JMeterThread: Thread is done: Thread Group 1-17
2025-12-29 15:19:34,611 INFO o.a.j.t.JMeterThread: Thread finished: Thread Group 1-17
2025-12-29 15:19:35,610 INFO o.a.j.t.JMeterThread: Thread started: Thread Group 1-18
2025-12-29 15:19:35,611 INFO o.a.j.t.JMeterThread: Thread is done: Thread Group 1-18
2025-12-29 15:19:35,611 INFO o.a.j.t.JMeterThread: Thread finished: Thread Group 1-18
2025-12-29 15:19:36,609 INFO o.a.j.t.JMeterThread: Thread started: Thread Group 1-19
2025-12-29 15:19:36,610 INFO o.a.j.t.JMeterThread: Thread is done: Thread Group 1-19
2025-12-29 15:19:36,610 INFO o.a.j.t.JMeterThread: Thread finished: Thread Group 1-19
2025-12-29 15:19:37,610 INFO o.a.j.t.JMeterThread: Thread started: Thread Group 1-20
2025-12-29 15:19:37,611 INFO o.a.j.t.JMeterThread: Thread is done: Thread Group 1-20
2025-12-29 15:19:37,612 INFO o.a.j.t.JMeterThread: Thread finished: Thread Group 1-20
2025-12-29 15:19:37,612 INFO o.a.j.e.StandardJMeterEngine: Notifying test listeners of end of test
2025-12-29 15:19:37,612 INFO o.a.j.g.u.JMeterMenuBar: setRunning(false, *local*)
